#-----------------------------------------------------------
# Webtalk v2019.1 (64-bit)
# SW Build 2552052 on Fri May 24 14:47:09 MDT 2019
# IP Build 2548770 on Fri May 24 18:01:18 MDT 2019
# Start of session at: Fri Feb 26 17:11:39 2021
# Process ID: 18700
# Current directory: /home/wilson/Documents/Project/my_w2812b_Project/W2812b_HW_Design/W2812b_HW_Design.sim/sim_1/behav/xsim
# Command line: wbtcv -mode batch -source /home/wilson/Documents/Project/my_w2812b_Project/W2812b_HW_Design/W2812b_HW_Design.sim/sim_1/behav/xsim/xsim.dir/Simulation_behav/webtalk/xsim_webtalk.tcl -notrace
# Log file: /home/wilson/Documents/Project/my_w2812b_Project/W2812b_HW_Design/W2812b_HW_Design.sim/sim_1/behav/xsim/webtalk.log
# Journal file: /home/wilson/Documents/Project/my_w2812b_Project/W2812b_HW_Design/W2812b_HW_Design.sim/sim_1/behav/xsim/webtalk.jou
#-----------------------------------------------------------
source /home/wilson/Documents/Project/my_w2812b_Project/W2812b_HW_Design/W2812b_HW_Design.sim/sim_1/behav/xsim/xsim.dir/Simulation_behav/webtalk/xsim_webtalk.tcl -notrace
