12:53:46 **** Auto Build of configuration Debug for project bare_metal_app ****
make pre-build main-build 
a9-linaro-pre-build-step
 
Building file: ../src/led.cc
Invoking: ARM v7 g++ compiler
arm-none-eabi-g++ -Wall -O0 -g3 -c -fmessage-length=0 -MT"src/led.o" -mcpu=cortex-a9 -mfpu=vfpv3 -mfloat-abi=hard -I../../bare_metal_app_bsp/ps7_cortexa9_0/include -MMD -MP -MF"src/led.d" -MT"src/led.o" -o "src/led.o" "../src/led.cc"
Finished building: ../src/led.cc
 
Building target: bare_metal_app.elf
Invoking: ARM v7 g++ linker
arm-none-eabi-g++ -mcpu=cortex-a9 -mfpu=vfpv3 -mfloat-abi=hard -Wl,-build-id=none -specs=Xilinx.spec -Wl,-T -Wl,../src/lscript.ld -L../../bare_metal_app_bsp/ps7_cortexa9_0/lib -o "bare_metal_app.elf"  ./src/led.o ./src/main.o ./src/my_gpio.o   -Wl,--start-group,-lxil,-lgcc,-lc,-lstdc++,--end-group
Finished building target: bare_metal_app.elf
 
Invoking: ARM v7 Print Size
arm-none-eabi-size bare_metal_app.elf  |tee "bare_metal_app.elf.size"
   text	   data	    bss	    dec	    hex	filename
  46772	   2600	  23328	  72700	  11bfc	bare_metal_app.elf
Finished building: bare_metal_app.elf.size
 

12:53:47 Build Finished (took 720ms)

