21:18:05 **** Incremental Build of configuration Debug for project WS2812b_SW ****
make pre-build main-build 
a9-linaro-pre-build-step
 
Building file: ../src/main.cc
Invoking: ARM v7 g++ compiler
arm-none-eabi-g++ -Wall -O0 -g3 -c -fmessage-length=0 -MT"src/main.o" -mcpu=cortex-a9 -mfpu=vfpv3 -mfloat-abi=hard -I../../WS2812b_SW_bsp/ps7_cortexa9_0/include -MMD -MP -MF"src/main.d" -MT"src/main.o" -o "src/main.o" "../src/main.cc"
Finished building: ../src/main.cc
 
Building target: WS2812b_SW.elf
Invoking: ARM v7 g++ linker
arm-none-eabi-g++ -mcpu=cortex-a9 -mfpu=vfpv3 -mfloat-abi=hard -Wl,-build-id=none -specs=Xilinx.spec -Wl,-T -Wl,../src/lscript.ld -L../../WS2812b_SW_bsp/ps7_cortexa9_0/lib -o "WS2812b_SW.elf"  ./src/led.o ./src/main.o ./src/my_gpio.o   -Wl,--start-group,-lxil,-lgcc,-lc,-lstdc++,--end-group
Finished building target: WS2812b_SW.elf
 
Invoking: ARM v7 Print Size
arm-none-eabi-size WS2812b_SW.elf  |tee "WS2812b_SW.elf.size"
   text	   data	    bss	    dec	    hex	filename
  41072	   2600	  23328	  67000	  105b8	WS2812b_SW.elf
Finished building: WS2812b_SW.elf.size
 

21:18:06 Build Finished (took 642ms)

